// Jest Snapshot v1, https://goo.gl/fbAQLP

exports[`four tests: test drawing grid 1`] = `
[
  {
    "props": {
      "height": 37.5,
      "width": 75,
      "x": 0,
      "y": 0,
    },
    "transform": [
      1,
      0,
      0,
      1,
      0,
      0,
    ],
    "type": "strokeRect",
  },
  {
    "props": {
      "height": 37.5,
      "width": 75,
      "x": 75,
      "y": 0,
    },
    "transform": [
      1,
      0,
      0,
      1,
      0,
      0,
    ],
    "type": "strokeRect",
  },
  {
    "props": {
      "height": 37.5,
      "width": 75,
      "x": 150,
      "y": 0,
    },
    "transform": [
      1,
      0,
      0,
      1,
      0,
      0,
    ],
    "type": "strokeRect",
  },
  {
    "props": {
      "height": 37.5,
      "width": 75,
      "x": 225,
      "y": 0,
    },
    "transform": [
      1,
      0,
      0,
      1,
      0,
      0,
    ],
    "type": "strokeRect",
  },
  {
    "props": {
      "height": 37.5,
      "width": 75,
      "x": 0,
      "y": 75,
    },
    "transform": [
      1,
      0,
      0,
      1,
      0,
      0,
    ],
    "type": "strokeRect",
  },
  {
    "props": {
      "height": 37.5,
      "width": 75,
      "x": 75,
      "y": 75,
    },
    "transform": [
      1,
      0,
      0,
      1,
      0,
      0,
    ],
    "type": "strokeRect",
  },
  {
    "props": {
      "height": 37.5,
      "width": 75,
      "x": 150,
      "y": 75,
    },
    "transform": [
      1,
      0,
      0,
      1,
      0,
      0,
    ],
    "type": "strokeRect",
  },
  {
    "props": {
      "height": 37.5,
      "width": 75,
      "x": 225,
      "y": 75,
    },
    "transform": [
      1,
      0,
      0,
      1,
      0,
      0,
    ],
    "type": "strokeRect",
  },
  {
    "props": {
      "height": 37.5,
      "width": 75,
      "x": 0,
      "y": 150,
    },
    "transform": [
      1,
      0,
      0,
      1,
      0,
      0,
    ],
    "type": "strokeRect",
  },
  {
    "props": {
      "height": 37.5,
      "width": 75,
      "x": 75,
      "y": 150,
    },
    "transform": [
      1,
      0,
      0,
      1,
      0,
      0,
    ],
    "type": "strokeRect",
  },
  {
    "props": {
      "height": 37.5,
      "width": 75,
      "x": 150,
      "y": 150,
    },
    "transform": [
      1,
      0,
      0,
      1,
      0,
      0,
    ],
    "type": "strokeRect",
  },
  {
    "props": {
      "height": 37.5,
      "width": 75,
      "x": 225,
      "y": 150,
    },
    "transform": [
      1,
      0,
      0,
      1,
      0,
      0,
    ],
    "type": "strokeRect",
  },
  {
    "props": {
      "height": 37.5,
      "width": 75,
      "x": 0,
      "y": 225,
    },
    "transform": [
      1,
      0,
      0,
      1,
      0,
      0,
    ],
    "type": "strokeRect",
  },
  {
    "props": {
      "height": 37.5,
      "width": 75,
      "x": 75,
      "y": 225,
    },
    "transform": [
      1,
      0,
      0,
      1,
      0,
      0,
    ],
    "type": "strokeRect",
  },
  {
    "props": {
      "height": 37.5,
      "width": 75,
      "x": 150,
      "y": 225,
    },
    "transform": [
      1,
      0,
      0,
      1,
      0,
      0,
    ],
    "type": "strokeRect",
  },
  {
    "props": {
      "height": 37.5,
      "width": 75,
      "x": 225,
      "y": 225,
    },
    "transform": [
      1,
      0,
      0,
      1,
      0,
      0,
    ],
    "type": "strokeRect",
  },
  {
    "props": {
      "height": 37.5,
      "width": 75,
      "x": 0,
      "y": 0,
    },
    "transform": [
      1,
      0,
      0,
      1,
      0,
      0,
    ],
    "type": "strokeRect",
  },
  {
    "props": {
      "height": 37.5,
      "width": 75,
      "x": 75,
      "y": 0,
    },
    "transform": [
      1,
      0,
      0,
      1,
      0,
      0,
    ],
    "type": "strokeRect",
  },
  {
    "props": {
      "height": 37.5,
      "width": 75,
      "x": 150,
      "y": 0,
    },
    "transform": [
      1,
      0,
      0,
      1,
      0,
      0,
    ],
    "type": "strokeRect",
  },
  {
    "props": {
      "height": 37.5,
      "width": 75,
      "x": 225,
      "y": 0,
    },
    "transform": [
      1,
      0,
      0,
      1,
      0,
      0,
    ],
    "type": "strokeRect",
  },
  {
    "props": {
      "height": 37.5,
      "width": 75,
      "x": 0,
      "y": 75,
    },
    "transform": [
      1,
      0,
      0,
      1,
      0,
      0,
    ],
    "type": "strokeRect",
  },
  {
    "props": {
      "height": 37.5,
      "width": 75,
      "x": 75,
      "y": 75,
    },
    "transform": [
      1,
      0,
      0,
      1,
      0,
      0,
    ],
    "type": "strokeRect",
  },
  {
    "props": {
      "height": 37.5,
      "width": 75,
      "x": 150,
      "y": 75,
    },
    "transform": [
      1,
      0,
      0,
      1,
      0,
      0,
    ],
    "type": "strokeRect",
  },
  {
    "props": {
      "height": 37.5,
      "width": 75,
      "x": 225,
      "y": 75,
    },
    "transform": [
      1,
      0,
      0,
      1,
      0,
      0,
    ],
    "type": "strokeRect",
  },
  {
    "props": {
      "height": 37.5,
      "width": 75,
      "x": 0,
      "y": 150,
    },
    "transform": [
      1,
      0,
      0,
      1,
      0,
      0,
    ],
    "type": "strokeRect",
  },
  {
    "props": {
      "height": 37.5,
      "width": 75,
      "x": 75,
      "y": 150,
    },
    "transform": [
      1,
      0,
      0,
      1,
      0,
      0,
    ],
    "type": "strokeRect",
  },
  {
    "props": {
      "height": 37.5,
      "width": 75,
      "x": 150,
      "y": 150,
    },
    "transform": [
      1,
      0,
      0,
      1,
      0,
      0,
    ],
    "type": "strokeRect",
  },
  {
    "props": {
      "height": 37.5,
      "width": 75,
      "x": 225,
      "y": 150,
    },
    "transform": [
      1,
      0,
      0,
      1,
      0,
      0,
    ],
    "type": "strokeRect",
  },
  {
    "props": {
      "height": 37.5,
      "width": 75,
      "x": 0,
      "y": 225,
    },
    "transform": [
      1,
      0,
      0,
      1,
      0,
      0,
    ],
    "type": "strokeRect",
  },
  {
    "props": {
      "height": 37.5,
      "width": 75,
      "x": 75,
      "y": 225,
    },
    "transform": [
      1,
      0,
      0,
      1,
      0,
      0,
    ],
    "type": "strokeRect",
  },
  {
    "props": {
      "height": 37.5,
      "width": 75,
      "x": 150,
      "y": 225,
    },
    "transform": [
      1,
      0,
      0,
      1,
      0,
      0,
    ],
    "type": "strokeRect",
  },
  {
    "props": {
      "height": 37.5,
      "width": 75,
      "x": 225,
      "y": 225,
    },
    "transform": [
      1,
      0,
      0,
      1,
      0,
      0,
    ],
    "type": "strokeRect",
  },
]
`;
